[viratrades.org/index.html]
[backblue.gif]
[fade.gif]
[index.html]
[viratrades.org/img/mockup.jpg]
[viratrades.org/fonts/fa-brands-400.woff2]
[viratrades.org/fonts/fa-solid-900.woff2]
[viratrades.org/fonts/mulish-v3-latin-300.woff2]
[viratrades.org/fonts/mulish-v3-latin-800.4.delayed]
[viratrades.org/fonts/roboto-v20-latin-300.woff2]
[viratrades.org/css/style.css]
[viratrades.org/js/vendors/uikit.min.js]
[viratrades.org/js/utilities.min.js]
[viratrades.org/js/config-theme.js]
[viratrades.org/img/gp-fav.png]
[viratrades.org/assets/css/bootstrap.min.css]
[viratrades.org/assets/css/all.min.css]
[viratrades.org/assets/css/animate.min.css]
[viratrades.org/assets/webfonts/flaticon/flaticon.css]
[viratrades.org/assets/css/owl.carousel.min.css]
[viratrades.org/assets/css/jquery.fancybox.min.css]
[viratrades.org/assets/css/layerslider.css]
[viratrades.org/assets/css/template.css]
[viratrades.org/assets/css/style.css]
[viratrades.org/assets/css/category/corporate-5.css]
[viratrades.org/planning.html]
[viratrades.org/about.html]
[viratrades.org/faq.html]
[viratrades.org/cert.pdf]
[viratrades.org/market.html]
[viratrades.org/oil.html]
[viratrades.org/estate-planning.html]
[viratrades.org/business-planning.html]
[viratrades.org/financial-planning.html]
[viratrades.org/long-term-care.html]
[viratrades.org/private-planning.php]
[viratrades.org/resources.html]
[viratrades.org/assets/images/slider/aspire-11.jpg]
[viratrades.org/assets/images/slider/finacepips-4.jpg]
[viratrades.org/assets/images/gp-wall-fixed.png]
[viratrades.org/assets/images/gp-holders.png]
[viratrades.org/assets/about.mp4]
[viratrades.org/assets/images/founder.jpg]
[s3.tradingview.com/external-embedding/embed-widget-ticker-tape.js]
[viratrades.org/img/in-footer-background.png]
[viratrades.org/stocks.html]
[viratrades.org/forex.html]
[viratrades.org/mutual-funds.html]
[viratrades.org/real-estate.html]
[viratrades.org/fixed-income.html]
[viratrades.org/gold.html]
[viratrades.org/license/index.html]
[viratrades.org/private-health-management.html]
[viratrades.org/img/in-store-google.png]
[viratrades.org/img/2.png]
[viratrades.org/assets/js/jquery.min.js]
[viratrades.org/assets/js/greensock.js]
[viratrades.org/assets/js/layerslider.transitions.js]
[viratrades.org/assets/js/layerslider.kreaturamedia.jquery.js]
[viratrades.org/assets/js/bootstrap.bundle.min.js]
[viratrades.org/assets/js/jquery.fancybox.min.js]
[viratrades.org/assets/js/wow.js]
[viratrades.org/assets/js/owl.carousel.min.js]
[viratrades.org/assets/js/mixitup.min.js]
[viratrades.org/index.html]
[viratrades.org/fonts/mulish-v3-latin-800.html]
[viratrades.org/assets/js/custom.js]
[viratrades.org/fonts/mulish-v3-latin-801.html]
[viratrades.org/fonts/mulish-v3-latin-800.woff]
[viratrades.org/fonts/mulish-v3-latin-300.woff]
[viratrades.org/fonts/roboto-v20-latin-300.woff]
[viratrades.org/fonts/fa-solid-900.ttf]
[viratrades.org/css/style.css]
[viratrades.org/js/vendors/uikit.min.js]
[viratrades.org/fonts/fa-brands-400.ttf]
[viratrades.org/sendmail.html]
[viratrades.org/js/utilities.min.js]
[viratrades.org/js/config-theme.js]
[viratrades.org/assets/css/bootstrap.min.css]
[viratrades.org/assets/webfonts/fa-brands-400.eot]
[viratrades.org/assets/webfonts/fa-brands-400d41dd41d.eot]
[viratrades.org/assets/webfonts/fa-brands-400.woff2]
[viratrades.org/assets/webfonts/fa-brands-400.woff]
[viratrades.org/assets/webfonts/fa-brands-400.ttf]
[viratrades.org/assets/webfonts/fa-brands-400.svg]
[viratrades.org/assets/webfonts/fa-regular-400.eot]
[viratrades.org/assets/webfonts/fa-regular-400d41dd41d.eot]
[viratrades.org/assets/webfonts/fa-regular-400.woff2]
[viratrades.org/assets/webfonts/fa-regular-400.woff]
[viratrades.org/assets/webfonts/fa-regular-400.ttf]
[viratrades.org/assets/webfonts/fa-regular-400.svg]
[viratrades.org/assets/webfonts/fa-solid-900.eot]
[viratrades.org/assets/webfonts/fa-solid-900d41dd41d.eot]
[viratrades.org/assets/webfonts/fa-solid-900.woff2]
[viratrades.org/assets/webfonts/fa-solid-900.woff]
[viratrades.org/assets/webfonts/fa-solid-900.ttf]
[viratrades.org/assets/css/all.min.css]
[viratrades.org/assets/css/animate.min.css]
[viratrades.org/assets/webfonts/fa-solid-900.svg]
[viratrades.org/assets/webfonts/flaticon/Flaticon.eot]
[viratrades.org/assets/webfonts/flaticon/Flaticond41dd41d.eot]
[viratrades.org/assets/webfonts/flaticon/Flaticon.woff2]
[viratrades.org/assets/webfonts/flaticon/Flaticon.woff]
[viratrades.org/assets/webfonts/flaticon/Flaticon.ttf]
[viratrades.org/assets/webfonts/flaticon/flaticon.css]
[viratrades.org/assets/webfonts/flaticon/Flaticon.svg]
[viratrades.org/assets/css/owl.video.play.html]
[viratrades.org/assets/css/owl.carousel.min.css]
[viratrades.org/assets/css/jquery.fancybox.min.css]
[viratrades.org/assets/images/icon-muted-white.png]
[viratrades.org/assets/images/icon-unmuted-white.png]
[viratrades.org/assets/css/layerslider.css]
[viratrades.org/assets/images/clipart/3.png]
[viratrades.org/assets/css/template.css]
[viratrades.org/assets/css/style.css]
[viratrades.org/assets/css/category/corporate-5.css]
[viratrades.org/assets/images/1.png]
[viratrades.org/index.html]
[viratrades.org/cfinancial-planning.64.delayed]
[viratrades.org/planning.html]
[viratrades.org/img/gp-hero.png]
[viratrades.org/about.html]
[viratrades.org/faq.html]
[viratrades.org/market.html]
[viratrades.org/img/oil.jpg]
[viratrades.org/oil.html]
[viratrades.org/img/estate.jpg]
[viratrades.org/estate-planning.html]
[viratrades.org/img/business.jpg]
[viratrades.org/business-planning.html]
[viratrades.org/img/finance.jpg]
[viratrades.org/financial-planning.html]
[viratrades.org/img/long.jpg]
[viratrades.org/long-term-care.html]
[viratrades.org/private-planning.html]
[viratrades.org/buy-crypto.html]
[viratrades.org/disclaimer.html]
[viratrades.org/cashback-policy.html]
[viratrades.org/criminal-activity-policy.html]
[viratrades.org/terms.html]
[viratrades.org/privacy-policy.html]
[viratrades.org/resources.html]
[viratrades.org/assets/about.html]
[viratrades.org/img/stocks.jpg]
[viratrades.org/stocks.html]
[viratrades.org/img/forex.jpg]
[viratrades.org/img/forex2.png]
[viratrades.org/forex.html]
[viratrades.org/img/mutual.jpg]
[viratrades.org/mutual-funds.html]
[viratrades.org/img/real.jpg]
[viratrades.org/real-estate.html]
[viratrades.org/img/fixed.jpg]
[viratrades.org/fixed-income.html]
[viratrades.org/img/gold.jpg]
[viratrades.org/gold.html]
[viratrades.org/img/logo.png]
[viratrades.org/img/gp-logo.png]
[viratrades.org/license/fonts/fa-brands-400.woff2]
[viratrades.org/license/fonts/fa-solid-900.woff2]
[viratrades.org/license/fonts/mulish-v3-latin-300.woff2]
[viratrades.org/license/fonts/mulish-v3-latin-800.php]
[viratrades.org/license/fonts/roboto-v20-latin-300.woff2]
[viratrades.org/license/css/style.css]
[viratrades.org/license/js/vendors/uikit.min.js]
[viratrades.org/license/js/utilities.min.js]
[viratrades.org/license/js/config-theme.js]
[viratrades.org/license/img/gp-fav.png]
[viratrades.org/license/img/apple-touch-icon.png]
[viratrades.org/license/img/in-header-background.png]
[viratrades.org/license/index-2.html]
[viratrades.org/license/img/in-lazy.gif]
[viratrades.org/license/planning.php]
[viratrades.org/license/img/gp-tl.png]
[viratrades.org/license/img/in-footer-background.png]
[viratrades.org/license/img/in-store-google.png]
[viratrades.org/license/img/2.png]
[viratrades.org/license/index.html]
[viratrades.org/img/private.jpg]
[viratrades.org/private-health-management.html]
[viratrades.org/assets/js/jquery.min.js]
[viratrades.org/assets/js/greensock.js]
[viratrades.org/assets/js/layerslider.transitions.js]
[viratrades.org/Version/index.html]
[viratrades.org/5S/dC/index.html]
[viratrades.org/8s.8e.delayed]
[viratrades.org/7p_/2T.3m.5x/2G/2T.js]
[viratrades.org/qd/index.html]
[viratrades.org/3Y/index.html]
[viratrades.org/1O/5S.1O.js]
[viratrades.org/assets/js/layerslider.kreaturamedia.jquery.js]
[viratrades.org/assets/js/bootstrap.bundle.min.js]
[viratrades.org/f3_/index.html]
[viratrades.org/7p_/index.html]
[viratrades.org/2W/index.html]
[viratrades.org/assets/js/jquery.fancybox.min.js]
[viratrades.org/assets/js/wow.js]
[viratrades.org/assets/js/owl.carousel.min.js]
[viratrades.org/assets/js/mixitup.min.js]
[viratrades.org/k8_/index.html]
[viratrades.org/assets/js/custom.js]
[viratrades.org/fonts/mulish-v3-latin-801.html]
[viratrades.org/sendmail.html]
[viratrades.org/assets/webfonts/fa-brands-400.svg]
[viratrades.org/assets/webfonts/fa-regular-400.svg]
[viratrades.org/s0 s1 bt s2 @ 7p_/5S.gm.5x/index.html]
[viratrades.org/assets/webfonts/fa-solid-900.svg]
[viratrades.org/assets/webfonts/flaticon/Flaticon.svg]
[viratrades.org/assets/css/owl.video.play.html]
[viratrades.org/index.html]
[viratrades.org/cfinancial-planning.html]
[viratrades.org/buy-crypto.html]
[viratrades.org/img/terms.jpg]
[viratrades.org/disclaimer.html]
[viratrades.org/cashback-policy.html]
[viratrades.org/criminal-activity-policy.html]
[viratrades.org/terms.html]
[viratrades.org/privacy-policy.html]
[viratrades.org/license/fonts/mulish-v3-latin-800.html]
[viratrades.org/license/fonts/mulish-v3-latin-801.html]
[viratrades.org/license/fonts/mulish-v3-latin-800.woff]
[viratrades.org/license/fonts/mulish-v3-latin-300.woff]
[viratrades.org/license/fonts/roboto-v20-latin-300.woff]
[viratrades.org/license/css/style.css]
[viratrades.org/license/js/vendors/uikit.min.js]
[viratrades.org/license/fonts/fa-solid-900.ttf]
[viratrades.org/license/fonts/fa-brands-400.ttf]
[viratrades.org/license/sendmail.99.delayed]
[viratrades.org/license/js/utilities.min.js]
[viratrades.org/license/js/config-theme.js]
[viratrades.org/license/index-2.html]
[viratrades.org/license/planning.html]
[viratrades.org/Version/index.html]
[viratrades.org/5S/dC/index.html]
[viratrades.org/8s.html]
[viratrades.org/qd/index.html]
[viratrades.org/7p_/2T.3m.5x/2G/2T.html]
[viratrades.org/3Y/index.html]
[viratrades.org/f3_/index.html]
[viratrades.org/7p_/index.html]
[viratrades.org/2W/index.html]
[viratrades.org/s0 s1 bt s2 @ 7p_/5S.gm.5x/index.html]
[viratrades.org/1O/5S.1O.html]
[viratrades.org/k8_/index.html]
[code.tidio.co_443/c1xhvhd3jjw5bql9prnozmdz2s7xlcll.js]
[viratrades.org/license/fonts/mulish-v3-latin-801.html]
[viratrades.org/license/sendmail.html]
[viratrades.org/img/crypto.jpg]
