[auth/user/register.html]
[backblue.gif]
[fade.gif]
[index.html]
[auth/assets/images/logoIcon/favicon.png]
[auth/assets/images/logoIcon/logo.png]
[auth/assets/images/seo/64432011deb821682120721.png]
[auth/assets/global/css/bootstrap.min.css]
[auth/assets/global/css/all.min.css]
[auth/assets/global/css/line-awesome.min.css]
[auth/assets/templates/bit_gold/css/vendor/animate.min.css]
[auth/assets/templates/bit_gold/css/vendor/slick.css]
[auth/assets/templates/bit_gold/css/vendor/dots.css]
[auth/assets/templates/bit_gold/css/main.css]
[auth/assets/templates/bit_gold/css/custom.css]
[www.smartsuppchat.com/loaderd41d.js]
[auth/assets/images/frontend/preloader/632ebf9b581241664008091.png]
[auth/assets/images/frontend/preloader/632ebf9b5e2681664008091.png]
[auth/assets/images/logoIcon/logo_2.png]
[auth/user/login.html]
[auth/assets/global/js/jquery-3.6.0.min.js]
[auth/assets/global/js/bootstrap.bundle.min.js]
[auth/assets/templates/bit_gold/js/vendor/slick.min.js]
[auth/assets/templates/bit_gold/js/vendor/wow.min.js]
[auth/assets/templates/bit_gold/js/app.js]
[auth/user/check-mail]
[auth/assets/global/css/iziToast.min.css]
[auth/assets/global/js/iziToast.min.js]
[auth/assets/global/js/firebase/firebase-messaging-sw.js]
[auth/user/register.html]
[auth/assets/global/css/bootstrap.min.css]
[auth/assets/global/css/all.min.css]
[auth/assets/global/css/line-awesome.min.css]
[auth/assets/templates/bit_gold/css/vendor/animate.min.css]
[auth/assets/templates/bit_gold/css/vendor/slick.css]
[auth/assets/templates/bit_gold/css/vendor/dots.css]
[auth/assets/templates/bit_gold/css/main.css]
[auth/assets/templates/bit_gold/css/custom.css]
[auth/assets/global/js/firebase/firebase-8.3.2.js]
[auth/user/password/reset.html]
[auth/assets/images/frontend/footer/631ca001534431662820353.jpg]
[auth/user/login.html]
[auth/assets/global/js/jquery-3.6.0.min.js]
[auth/assets/global/js/bootstrap.bundle.min.js]
[auth/assets/templates/bit_gold/js/vendor/slick.min.js]
[auth/assets/templates/bit_gold/js/vendor/wow.min.js]
[auth/assets/templates/bit_gold/js/app.js]
[auth/user/check-mail.html]
[auth/assets/global/css/iziToast.min.css]
[auth/assets/global/js/iziToast.min.js]
[auth/assets/global/js/firebase/firebase-8.3.2.js]
[auth/user/firebase-app.js]
[auth/user/firebase-messaging.js]
[auth/user/configs.js]
[auth/assets/global/js/firebase/firebase-messaging-sw.js]
[auth/user/password/reset.html]
[auth/user/firebase-app.html]
[auth/user/firebase-messaging.html]
[auth/user/configs.html]
